ili9488.c:21:6:ILI9341_SPI_Init	8	static
ili9488.c:29:6:ILI9341_SPI_Send	16	static
ili9488.c:36:6:ILI9341_Write_Command	16	static
ili9488.c:46:6:ILI9341_Write_Data	16	static
ili9488.c:55:6:ILI9341_Set_Address	24	static
ili9488.c:73:6:ILI9341_Reset	8	static
ili9488.c:83:6:ILI9341_Set_Rotation	24	static
ili9488.c:117:6:ILI9341_Enable	8	static
ili9488.c:135:6:ILI9341_Init	8	static
ili9488.c:226:6:ILI9341_Draw_Colour	24	static
ili9488.c:246:6:ILI9341_Draw_Colour_Burst	64	dynamic
ili9488.c:316:6:ILI9341_Fill_Screen	16	static
ili9488.c:323:6:ILI9341_Draw_Pixel	32	static
ili9488.c:391:6:ILI9341_Draw_Rectangle	24	static
ili9488.c:407:6:ILI9341_Draw_Horizontal_Line	24	static
ili9488.c:419:6:ILI9341_Draw_Vertical_Line	24	static
