micros.h:26:26:micros	4	static
mpu9250.c:30:9:setupMPU	96	static
mpu9250.c:68:6:calibrate	208	static
mpu9250.c:88:6:print_calibration	184	static
mpu9250.c:135:6:sleep	24	static
mpu9250.c:145:9:isConnectedMPU9250	16	static
mpu9250.c:152:9:isConnectedAK8963	16	static
mpu9250.c:156:9:MPUisConnected	16	static
mpu9250.c:161:9:MPUisSleeping	16	static
mpu9250.c:165:9:MPUavailable	16	static
mpu9250.c:169:9:updateMPU	56	static
mpu9250.c:210:7:getRoll	16	static
mpu9250.c:211:7:getPitch	16	static
mpu9250.c:212:7:getYaw	16	static
mpu9250.c:214:7:getEulerX	16	static
mpu9250.c:215:7:getEulerY	16	static
mpu9250.c:216:7:getEulerZ	16	static
mpu9250.c:218:7:getQuaternionX	16	static
mpu9250.c:219:7:getQuaternionY	16	static
mpu9250.c:220:7:getQuaternionZ	16	static
mpu9250.c:221:7:getQuaternionW	16	static
mpu9250.c:223:7:getAcc	16	static
mpu9250.c:224:7:getGyro	16	static
mpu9250.c:225:7:getMag	16	static
mpu9250.c:226:7:getLinearAcc	16	static
mpu9250.c:228:7:getAccX	16	static
mpu9250.c:229:7:getAccY	16	static
mpu9250.c:230:7:getAccZ	16	static
mpu9250.c:231:7:getGyroX	16	static
mpu9250.c:232:7:getGyroY	16	static
mpu9250.c:233:7:getGyroZ	16	static
mpu9250.c:234:7:getMagX	16	static
mpu9250.c:235:7:getMagY	16	static
mpu9250.c:236:7:getMagZ	16	static
mpu9250.c:237:7:getLinearAccX	16	static
mpu9250.c:238:7:getLinearAccY	16	static
mpu9250.c:239:7:getLinearAccZ	16	static
mpu9250.c:240:7:getEarthAccX	16	static
mpu9250.c:241:7:getEarthAccY	16	static
mpu9250.c:242:7:getEarthAccZ	16	static
mpu9250.c:244:7:getLonAcc	16	static
mpu9250.c:246:7:getEarthGyroX	16	static
mpu9250.c:247:7:getEarthGyroY	16	static
mpu9250.c:248:7:getEarthGyroZ	16	static
mpu9250.c:250:7:getAccBias	16	static
mpu9250.c:251:7:getGyroBias	16	static
mpu9250.c:252:7:getMagBias	16	static
mpu9250.c:253:7:getMagScale	16	static
mpu9250.c:254:7:getAccBiasX	16	static
mpu9250.c:255:7:getAccBiasY	16	static
mpu9250.c:256:7:getAccBiasZ	16	static
mpu9250.c:257:7:getGyroBiasX	16	static
mpu9250.c:258:7:getGyroBiasY	16	static
mpu9250.c:259:7:getGyroBiasZ	16	static
mpu9250.c:260:7:getMagBiasX	16	static
mpu9250.c:261:7:getMagBiasY	16	static
mpu9250.c:262:7:getMagBiasZ	16	static
mpu9250.c:263:7:getMagScaleX	16	static
mpu9250.c:264:7:getMagScaleY	16	static
mpu9250.c:265:7:getMagScaleZ	16	static
mpu9250.c:266:7:getTemperature	16	static
mpu9250.c:268:6:setAccBias	24	static
mpu9250.c:274:6:setGyroBias	24	static
mpu9250.c:280:6:setMagBias	24	static
mpu9250.c:285:6:setMagScale	24	static
mpu9250.c:291:6:setMagneticDeclination	16	static
mpu9250.c:295:6:update_rpy	72	static
mpu9250.c:354:6:update_accel_gyro	32	static
mpu9250.c:372:6:update_mag	32	static
mpu9250.c:387:6:readAccelGyro	32	static
mpu9250.c:402:9:readMag	32	static
mpu9250.c:424:6:calibrate_acc_gyro_impl	16	static
mpu9250.c:433:6:set_acc_gyro_to_calibration	8	static
mpu9250.c:465:6:collect_acc_gyro_data_to	56	static
mpu9250.c:503:6:write_accel_offset	48	static
mpu9250.c:548:6:write_gyro_offset	24	static
mpu9250.c:567:6:calibrate_mag_impl	24	static
mpu9250.c:580:6:collect_mag_data_to	152	static
mpu9250.c:635:6:setFilterIterations	16	static
mpu9250.c:640:6:initAK8963	24	static
mpu9250.c:661:6:MPU9250_Init	24	static
mpu9250.c:727:6:getMres	16	static
mpu9250.c:742:6:getGres	16	static
mpu9250.c:764:6:getAres	16	static
mpu9250.c:786:6:readByte	32	static
mpu9250.c:799:6:readBytes	48	static
mpu9250.c:814:6:writeByte	32	static
mpu9250.c:822:6:MPU9250SetDefault	16	static
mpu9250.c:892:6:update_madgwick	56	static
mpu9250.c:901:6:madgwick	456	static
mpu9250.c:1011:6:setMPUSettings	16	static
